/Users/lanreborishade/git/eventlite/src/main/java/uk/ac/man/cs/eventlite/controllers/EventsController.java
/Users/lanreborishade/git/eventlite/src/main/java/uk/ac/man/cs/eventlite/dao/TwitterService.java
/Users/lanreborishade/git/eventlite/src/main/java/uk/ac/man/cs/eventlite/dao/EventServiceImpl.java
/Users/lanreborishade/git/eventlite/src/main/java/uk/ac/man/cs/eventlite/dao/VenueRepository.java
/Users/lanreborishade/git/eventlite/src/main/java/uk/ac/man/cs/eventlite/entities/Venue.java
/Users/lanreborishade/git/eventlite/src/main/java/uk/ac/man/cs/eventlite/dao/EventService.java
/Users/lanreborishade/git/eventlite/src/main/java/uk/ac/man/cs/eventlite/config/Security.java
/Users/lanreborishade/git/eventlite/src/main/java/uk/ac/man/cs/eventlite/dao/RoleRepository.java
/Users/lanreborishade/git/eventlite/src/main/java/uk/ac/man/cs/eventlite/controllers/VenuesControllerApi.java
/Users/lanreborishade/git/eventlite/src/main/java/uk/ac/man/cs/eventlite/config/Persistence.java
/Users/lanreborishade/git/eventlite/src/main/java/uk/ac/man/cs/eventlite/controllers/EventsControllerApi.java
/Users/lanreborishade/git/eventlite/src/main/java/uk/ac/man/cs/eventlite/dao/EventRepository.java
/Users/lanreborishade/git/eventlite/src/main/java/uk/ac/man/cs/eventlite/dao/MyUserDetailsService.java
/Users/lanreborishade/git/eventlite/src/main/java/uk/ac/man/cs/eventlite/config/data/InitialDataLoader.java
/Users/lanreborishade/git/eventlite/src/main/java/uk/ac/man/cs/eventlite/entities/User.java
/Users/lanreborishade/git/eventlite/src/main/java/uk/ac/man/cs/eventlite/entities/Event.java
/Users/lanreborishade/git/eventlite/src/main/java/uk/ac/man/cs/eventlite/entities/Permission.java
/Users/lanreborishade/git/eventlite/src/main/java/uk/ac/man/cs/eventlite/config/Container.java
/Users/lanreborishade/git/eventlite/src/main/java/uk/ac/man/cs/eventlite/controllers/VenuesController.java
/Users/lanreborishade/git/eventlite/src/main/java/uk/ac/man/cs/eventlite/controllers/HomeController.java
/Users/lanreborishade/git/eventlite/src/main/java/uk/ac/man/cs/eventlite/dao/PermissionRepository.java
/Users/lanreborishade/git/eventlite/src/main/java/uk/ac/man/cs/eventlite/dao/VenueService.java
/Users/lanreborishade/git/eventlite/src/main/java/uk/ac/man/cs/eventlite/config/Forms.java
/Users/lanreborishade/git/eventlite/src/main/java/uk/ac/man/cs/eventlite/config/ContentNegotiation.java
/Users/lanreborishade/git/eventlite/src/main/java/uk/ac/man/cs/eventlite/dao/UserRepository.java
/Users/lanreborishade/git/eventlite/src/main/java/uk/ac/man/cs/eventlite/entities/Role.java
/Users/lanreborishade/git/eventlite/src/main/java/uk/ac/man/cs/eventlite/config/StandaloneViews.java
/Users/lanreborishade/git/eventlite/src/main/java/uk/ac/man/cs/eventlite/config/Hateoas.java
/Users/lanreborishade/git/eventlite/src/main/java/uk/ac/man/cs/eventlite/dao/VenueServiceImpl.java
/Users/lanreborishade/git/eventlite/src/main/java/uk/ac/man/cs/eventlite/EventLite.java
