/Users/lanreborishade/git/eventlite/src/test/java/uk/ac/man/cs/eventlite/dao/EventServiceTest.java
/Users/lanreborishade/git/eventlite/src/test/java/uk/ac/man/cs/eventlite/dao/VenueServiceTest.java
/Users/lanreborishade/git/eventlite/src/test/java/uk/ac/man/cs/eventlite/controllers/VenuesControllerTest.java
/Users/lanreborishade/git/eventlite/src/test/java/uk/ac/man/cs/eventlite/controllers/VenuesControllerApiIntegrationTest.java
/Users/lanreborishade/git/eventlite/src/test/java/uk/ac/man/cs/eventlite/controllers/EventsControllerIntegrationTest.java
/Users/lanreborishade/git/eventlite/src/test/java/uk/ac/man/cs/eventlite/controllers/EventsControllerTest.java
/Users/lanreborishade/git/eventlite/src/test/java/uk/ac/man/cs/eventlite/SecurityTest.java
/Users/lanreborishade/git/eventlite/src/test/java/uk/ac/man/cs/eventlite/controllers/VenuesControllerIntegrationTest.java
/Users/lanreborishade/git/eventlite/src/test/java/uk/ac/man/cs/eventlite/HomePageTest.java
/Users/lanreborishade/git/eventlite/src/test/java/uk/ac/man/cs/eventlite/SecurityIntegrationTest.java
/Users/lanreborishade/git/eventlite/src/test/java/uk/ac/man/cs/eventlite/controllers/VenuesControllerApiTest.java
/Users/lanreborishade/git/eventlite/src/test/java/uk/ac/man/cs/eventlite/controllers/EventsControllerApiIntegrationTest.java
/Users/lanreborishade/git/eventlite/src/test/java/uk/ac/man/cs/eventlite/config/TestPersistence.java
/Users/lanreborishade/git/eventlite/src/test/java/uk/ac/man/cs/eventlite/controllers/EventsControllerApiTest.java
/Users/lanreborishade/git/eventlite/src/test/java/uk/ac/man/cs/eventlite/testutil/FormUtil.java
